{
    "skinname": "Golden",
    "drivername": "Erg",
    "country": "uk",
    "team" : "",
    "number": 4
}